2021-09-29 13:41:59 - root - INFO - program is running
2021-09-29 13:42:00 - root - INFO - program is running
2021-09-29 13:42:00 - root - INFO - program is running
2021-09-29 13:42:01 - root - INFO - program is running
2021-09-29 13:42:01 - root - INFO - program stopped
2021-09-29 13:42:08 - root - INFO - program is running
2021-09-29 13:42:08 - root - INFO - program is running
2021-09-29 13:42:08 - root - INFO - program is running
2021-09-29 13:42:08 - root - INFO - program is running
2021-09-29 13:42:08 - root - INFO - program is running
2021-09-29 13:42:09 - root - INFO - program stopped
2021-09-29 13:42:09 - root - INFO - program stopped
2021-09-29 13:42:09 - root - INFO - program stopped
2021-09-29 13:42:15 - root - INFO - program is running
2021-09-29 13:42:33 - root - INFO - program stopped
2021-09-29 13:42:34 - root - INFO - program is running
2021-09-29 13:42:37 - root - INFO - program is running
